
> fmi@0.1.0 test
> jest src/hooks/useRegionRows/useRegionRows.test.ts

FAIL src/hooks/useRegionRows/useRegionRows.test.ts
  ● Test suite failed to run

    [96msrc/hooks/useRegionRows/useRegionRows.test.ts[0m:[93m27[0m:[93m26[0m - [91merror[0m[90m TS1005: [0m'>' expected.

    [7m27[0m     <QueryClientProvider client={queryClient}>{children}</QueryClientProvider>
    [7m  [0m [91m                         ~~~~~~[0m
    [96msrc/hooks/useRegionRows/useRegionRows.test.ts[0m:[93m27[0m:[93m32[0m - [91merror[0m[90m TS1005: [0m')' expected.

    [7m27[0m     <QueryClientProvider client={queryClient}>{children}</QueryClientProvider>
    [7m  [0m [91m                               ~[0m
    [96msrc/hooks/useRegionRows/useRegionRows.test.ts[0m:[93m27[0m:[93m58[0m - [91merror[0m[90m TS1161: [0mUnterminated regular expression literal.

    [7m27[0m     <QueryClientProvider client={queryClient}>{children}</QueryClientProvider>
    [7m  [0m [91m                                                         ~~~~~~~~~~~~~~~~~~~~~[0m
    [96msrc/hooks/useRegionRows/useRegionRows.test.ts[0m:[93m28[0m:[93m3[0m - [91merror[0m[90m TS1128: [0mDeclaration or statement expected.

    [7m28[0m   );
    [7m  [0m [91m  ~[0m
    [96msrc/hooks/useRegionRows/useRegionRows.test.ts[0m:[93m29[0m:[93m1[0m - [91merror[0m[90m TS1128: [0mDeclaration or statement expected.

    [7m29[0m };
    [7m  [0m [91m~[0m

----------------------------------------------------------------------------------------------|---------|----------|---------|---------|-------------------
File                                                                                          | % Stmts | % Branch | % Funcs | % Lines | Uncovered Line #s 
----------------------------------------------------------------------------------------------|---------|----------|---------|---------|-------------------
All files                                                                                     |       0 |        0 |       0 |       0 |                   
 src                                                                                          |       0 |        0 |       0 |       0 |                   
  instrumentation-client.ts                                                                   |       0 |      100 |     100 |       0 | 5-31              
  instrumentation.ts                                                                          |       0 |        0 |       0 |       0 | 1-13              
  middleware.ts                                                                               |       0 |        0 |       0 |       0 | 1-37              
 src/api/_base/axios                                                                          |       0 |        0 |       0 |       0 |                   
  authApi.ts                                                                                  |       0 |        0 |       0 |       0 | 1-49              
  getBaseURL.ts                                                                               |       0 |        0 |       0 |       0 | 5-9               
  publicApi.ts                                                                                |       0 |      100 |     100 |       0 | 1-9               
  useAxios.ts                                                                                 |       0 |        0 |       0 |       0 | 3-19              
 src/api/_base/query                                                                          |       0 |        0 |       0 |       0 |                   
  useAppInfiniteQuery.ts                                                                      |       0 |        0 |       0 |       0 | 3-83              
  useAppMutation.ts                                                                           |       0 |      100 |       0 |       0 | 3-39              
  useAppQuery.ts                                                                              |       0 |      100 |       0 |       0 | 3-47              
  useServerPrefetchQuery.ts                                                                   |       0 |      100 |       0 |       0 | 15-31             
 src/api/fetch/admin                                                                          |       0 |      100 |     100 |       0 |                   
  index.ts                                                                                    |       0 |      100 |     100 |       0 | 1-4               
 src/api/fetch/auth                                                                           |       0 |      100 |       0 |       0 |                   
  index.ts                                                                                    |       0 |      100 |       0 |       0 | 1-10              
 src/api/fetch/auth/api                                                                       |       0 |      100 |       0 |       0 |                   
  useApiCheckCode.ts                                                                          |       0 |      100 |       0 |       0 | 1-12              
  useApiCheckNickname.ts                                                                      |       0 |      100 |       0 |       0 | 1-16              
  useApiEmailLogin.ts                                                                         |       0 |      100 |       0 |       0 | 1-23              
  useApiFindPw.ts                                                                             |       0 |      100 |       0 |       0 | 1-13              
  useApiKakaoLogin.ts                                                                         |       0 |      100 |       0 |       0 | 1-12              
  useApiLogout.ts                                                                             |       0 |      100 |       0 |       0 | 1-12              
  useApiSendEmail.ts                                                                          |       0 |      100 |       0 |       0 | 1-12              
  useApiSignUp.ts                                                                             |       0 |      100 |       0 |       0 | 1-15              
 src/api/fetch/chatMessage/api                                                                |       0 |        0 |       0 |       0 |                   
  useChatMessages.ts                                                                          |       0 |        0 |       0 |       0 | 1-25              
  useReadMessage.ts                                                                           |       0 |      100 |       0 |       0 | 1-16              
  useSendImage.ts                                                                             |       0 |        0 |       0 |       0 | 1-52              
 src/api/fetch/chatRoom                                                                       |       0 |      100 |       0 |       0 |                   
  index.ts                                                                                    |       0 |      100 |       0 |       0 | 1-7               
 src/api/fetch/chatRoom/api                                                                   |       0 |        0 |       0 |       0 |                   
  QUERY_PARAMS.ts                                                                             |       0 |        0 |       0 |       0 | 1-16              
  chatSocket.ts                                                                               |       0 |        0 |       0 |       0 | 1-245             
  useChatList.ts                                                                              |       0 |        0 |       0 |       0 | 1-32              
  useChatRoom.ts                                                                              |       0 |        0 |       0 |       0 | 3-23              
  useChatSocket.ts                                                                            |       0 |        0 |       0 |       0 | 3-47              
  useGetChatRoom.ts                                                                           |       0 |      100 |       0 |       0 | 3-14              
  useLeaveChatRoom.ts                                                                         |       0 |        0 |       0 |       0 | 1-23              
 src/api/fetch/notice                                                                         |       0 |      100 |     100 |       0 |                   
  index.ts                                                                                    |       0 |      100 |     100 |       0 | 1                 
 src/api/fetch/post                                                                           |       0 |      100 |       0 |       0 |                   
  index.ts                                                                                    |       0 |      100 |       0 |       0 | 1-14              
 src/api/fetch/post/api                                                                       |       0 |        0 |       0 |       0 |                   
  useDeleteDetailPost.ts                                                                      |       0 |      100 |       0 |       0 | 3-28              
  useDeleteFavorites.ts                                                                       |       0 |        0 |       0 |       0 | 1-60              
  useGetDetailPost.ts                                                                         |       0 |      100 |       0 |       0 | 1-5               
  useGetMetaData.ts                                                                           |       0 |      100 |       0 |       0 | 2-5               
  useGetPosts.ts                                                                              |       0 |        0 |       0 |       0 | 1-41              
  usePostFavorites.ts                                                                         |       0 |        0 |       0 |       0 | 1-59              
  usePostPosts.ts                                                                             |       0 |      100 |       0 |       0 | 3-22              
 src/api/fetch/user                                                                           |       0 |      100 |       0 |       0 |                   
  index.ts                                                                                    |       0 |      100 |       0 |       0 | 1-5               
 src/api/fetch/user/api                                                                       |       0 |        0 |       0 |       0 |                   
  useGetUserData.ts                                                                           |       0 |      100 |       0 |       0 | 1-5               
  useGetUserProfileById.ts                                                                    |       0 |        0 |       0 |       0 | 1-37              
 src/app                                                                                      |       0 |        0 |       0 |       0 |                   
  ErrorBoundary.tsx                                                                           |       0 |        0 |       0 |       0 | 3-173             
  global-error.tsx                                                                            |       0 |      100 |       0 |       0 | 3-13              
  layout.tsx                                                                                  |       0 |        0 |       0 |       0 | 1-31              
  manifest.ts                                                                                 |       0 |      100 |       0 |       0 | 3-4               
  not-found.tsx                                                                               |       0 |      100 |       0 |       0 | 1-19              
  page.tsx                                                                                    |       0 |      100 |       0 |       0 | 1-137             
 src/app/(admin)/admin                                                                        |       0 |      100 |       0 |       0 |                   
  page.tsx                                                                                    |       0 |      100 |       0 |       0 | 1-14              
 src/app/(admin)/admin/_components                                                            |       0 |      100 |       0 |       0 |                   
  index.ts                                                                                    |       0 |      100 |       0 |       0 | 1-7               
 src/app/(admin)/admin/_components/AdminDetailSection                                         |       0 |      100 |       0 |       0 |                   
  AdminDetailSection.tsx                                                                      |       0 |      100 |       0 |       0 | 2-35              
 src/app/(admin)/admin/_components/AdminFilter                                                |       0 |        0 |       0 |       0 |                   
  AdminFilter.tsx                                                                             |       0 |        0 |       0 |       0 | 3-38              
  DEFAULT_FILTER_ICON.ts                                                                      |       0 |      100 |     100 |       0 | 3-8               
 src/app/(admin)/admin/_components/AdminListItem                                              |       0 |        0 |       0 |       0 |                   
  AdminListItem.tsx                                                                           |       0 |        0 |       0 |       0 | 1-64              
 src/app/(admin)/admin/_components/AdminMenuSection                                           |       0 |        0 |       0 |       0 |                   
  AdminMenuSection.tsx                                                                        |       0 |        0 |       0 |       0 | 1-45              
 src/app/(admin)/admin/_components/AdminProfile                                               |       0 |      100 |       0 |       0 |                   
  AdminProfile.tsx                                                                            |       0 |      100 |       0 |       0 | 1-30              
 src/app/(admin)/admin/_components/AdminReportsItem                                           |       0 |      100 |       0 |       0 |                   
  AdminReportsItem.tsx                                                                        |       0 |      100 |       0 |       0 | 1-40              
 src/app/(admin)/admin/_components/AdminSearch                                                |       0 |        0 |       0 |       0 |                   
  AdminSearch.tsx                                                                             |       0 |        0 |       0 |       0 | 1-19              
 src/app/(admin)/admin/_components/_internal                                                  |       0 |      100 |       0 |       0 |                   
  index.ts                                                                                    |       0 |      100 |       0 |       0 | 1                 
 src/app/(admin)/admin/_components/_internal/AdminLogoutButton                                |       0 |      100 |       0 |       0 |                   
  AdminLogoutButton.tsx                                                                       |       0 |      100 |       0 |       0 | 3-18              
 src/app/(admin)/admin/_constants                                                             |       0 |      100 |     100 |       0 |                   
  ADMIN_NAV_SECTIONS.ts                                                                       |       0 |      100 |     100 |       0 | 1                 
 src/app/(admin)/admin/_utils/AdminStatusBadgeConfig                                          |       0 |      100 |     100 |       0 |                   
  AdminStatusBadgeConfig.ts                                                                   |       0 |      100 |     100 |       0 | 4-19              
 src/app/(admin)/admin/_utils/toReportsItemVM                                                 |       0 |        0 |       0 |       0 |                   
  toReportsItemVM.ts                                                                          |       0 |        0 |       0 |       0 | 3-51              
 src/app/(admin)/admin/guest-inquiries                                                        |       0 |      100 |       0 |       0 |                   
  page.tsx                                                                                    |       0 |      100 |       0 |       0 | 3-16              
 src/app/(admin)/admin/guest-inquiries/[id]                                                   |       0 |      100 |       0 |       0 |                   
  page.tsx                                                                                    |       0 |      100 |       0 |       0 | 1-15              
 src/app/(admin)/admin/guest-inquiries/[id]/_components                                       |       0 |      100 |       0 |       0 |                   
  index.ts                                                                                    |       0 |      100 |       0 |       0 | 1                 
 src/app/(admin)/admin/guest-inquiries/[id]/_components/GuestInquiriesDetailView              |       0 |      100 |       0 |       0 |                   
  GuestInquiriesDetailView.tsx                                                                |       0 |      100 |       0 |       0 | 3-40              
 src/app/(admin)/admin/guest-inquiries/_components                                            |       0 |      100 |       0 |       0 |                   
  index.ts                                                                                    |       0 |      100 |       0 |       0 | 1                 
 src/app/(admin)/admin/guest-inquiries/_components/GuestInquiriesList                         |       0 |      100 |       0 |       0 |                   
  GuestInquiriesList.tsx                                                                      |       0 |      100 |       0 |       0 | 1-34              
 src/app/(admin)/admin/guest-inquiries/_components/GuestInquiriesView                         |       0 |      100 |       0 |       0 |                   
  GuestInquiriesView.tsx                                                                      |       0 |      100 |       0 |       0 | 1-30              
 src/app/(admin)/admin/notice                                                                 |       0 |      100 |       0 |       0 |                   
  layout.tsx                                                                                  |       0 |      100 |       0 |       0 | 2-13              
  page.tsx                                                                                    |       0 |      100 |       0 |       0 | 1-15              
 src/app/(admin)/admin/notice/_components                                                     |       0 |      100 |       0 |       0 |                   
  index.ts                                                                                    |       0 |      100 |       0 |       0 | 1-3               
 src/app/(admin)/admin/notice/_components/NoticeList                                          |       0 |      100 |       0 |       0 |                   
  NoticeList.tsx                                                                              |       0 |      100 |       0 |       0 | 1-21              
 src/app/(admin)/admin/notice/_components/NoticeView                                          |       0 |      100 |       0 |       0 |                   
  NoticeView.tsx                                                                              |       0 |      100 |       0 |       0 | 3-28              
 src/app/(admin)/admin/notice/_components/WriteNoticeFloatingButton                           |       0 |      100 |       0 |       0 |                   
  WriteNoticeFloatingButton.tsx                                                               |       0 |      100 |       0 |       0 | 1-20              
 src/app/(admin)/admin/profile                                                                |       0 |      100 |       0 |       0 |                   
  page.tsx                                                                                    |       0 |      100 |       0 |       0 | 1-9               
 src/app/(admin)/admin/reports                                                                |       0 |      100 |       0 |       0 |                   
  page.tsx                                                                                    |       0 |      100 |       0 |       0 | 1-15              
 src/app/(admin)/admin/reports/[reportsType]/[id]                                             |       0 |        0 |       0 |       0 |                   
  page.tsx                                                                                    |       0 |        0 |       0 |       0 | 3-28              
 src/app/(admin)/admin/reports/[reportsType]/[id]/_components                                 |       0 |      100 |       0 |       0 |                   
  index.ts                                                                                    |       0 |      100 |       0 |       0 | 1                 
 src/app/(admin)/admin/reports/[reportsType]/[id]/_components/AdminReportsCommentSection      |       0 |      100 |       0 |       0 |                   
  AdminReportsCommentSection.tsx                                                              |       0 |      100 |       0 |       0 | 1-20              
 src/app/(admin)/admin/reports/[reportsType]/[id]/_components/AdminReportsView                |       0 |      100 |       0 |       0 |                   
  AdminReportsView.tsx                                                                        |       0 |      100 |       0 |       0 | 1-19              
 src/app/(admin)/admin/reports/[reportsType]/[id]/_components/_internal                       |       0 |      100 |       0 |       0 |                   
  index.ts                                                                                    |       0 |      100 |       0 |       0 | 1-2               
 src/app/(admin)/admin/reports/[reportsType]/[id]/_components/_internal/DetailContent         |       0 |      100 |       0 |       0 |                   
  DetailContent.tsx                                                                           |       0 |      100 |       0 |       0 | 1-28              
 src/app/(admin)/admin/reports/[reportsType]/[id]/_components/_internal/DetailStatusHeader    |       0 |      100 |       0 |       0 |                   
  DetailStatusHeader.tsx                                                                      |       0 |      100 |       0 |       0 | 1-37              
 src/app/(admin)/admin/reports/_components                                                    |       0 |      100 |       0 |       0 |                   
  index.ts                                                                                    |       0 |      100 |       0 |       0 | 1-2               
 src/app/(admin)/admin/reports/_components/ReportsList                                        |       0 |        0 |       0 |       0 |                   
  ReportsList.tsx                                                                             |       0 |        0 |       0 |       0 | 1-28              
 src/app/(admin)/admin/reports/_components/ReportsView                                        |       0 |      100 |       0 |       0 |                   
  ReportsView.tsx                                                                             |       0 |      100 |       0 |       0 | 3-45              
 src/app/(admin)/admin/reports/_constants                                                     |       0 |      100 |     100 |       0 |                   
  REPORTS_TAB.ts                                                                              |       0 |      100 |     100 |       0 | 3                 
 src/app/(admin)/admin/withdrawal-reasons                                                     |       0 |      100 |       0 |       0 |                   
  page.tsx                                                                                    |       0 |      100 |       0 |       0 | 1-15              
 src/app/(admin)/admin/withdrawal-reasons/_components                                         |       0 |      100 |       0 |       0 |                   
  index.ts                                                                                    |       0 |      100 |       0 |       0 | 1                 
 src/app/(admin)/admin/withdrawal-reasons/_components/AdminWithdrawalReasonList               |       0 |      100 |       0 |       0 |                   
  AdminWithdrawalReasonList.tsx                                                               |       0 |      100 |       0 |       0 | 1-39              
 src/app/(admin)/admin/withdrawal-reasons/_components/AdminWithdrawalReasonsView              |       0 |      100 |       0 |       0 |                   
  AdminWithdrawalReasonsView.tsx                                                              |       0 |      100 |       0 |       0 | 3-27              
 src/app/(route)/alert                                                                        |       0 |      100 |       0 |       0 |                   
  layout.tsx                                                                                  |       0 |      100 |       0 |       0 | 3-17              
  page.tsx                                                                                    |       0 |      100 |       0 |       0 | 1-13              
 src/app/(route)/alert/_components                                                            |       0 |      100 |       0 |       0 |                   
  index.ts                                                                                    |       0 |      100 |       0 |       0 | 1-2               
 src/app/(route)/alert/_components/AlertCategory                                              |       0 |        0 |       0 |       0 |                   
  AlertCategory.tsx                                                                           |       0 |        0 |       0 |       0 | 3-31              
 src/app/(route)/alert/_components/AlertView                                                  |       0 |        0 |       0 |       0 |                   
  AlertView.tsx                                                                               |       0 |        0 |       0 |       0 | 3-59              
 src/app/(route)/alert/_constants                                                             |       0 |      100 |     100 |       0 |                   
  ALERT_CATEGORIES.ts                                                                         |       0 |      100 |     100 |       0 | 1                 
  MOCK_ALERT_ITEMS.ts                                                                         |       0 |      100 |     100 |       0 | 1                 
 src/app/(route)/auth/kakao/callback                                                          |       0 |        0 |       0 |       0 |                   
  layout.tsx                                                                                  |       0 |      100 |       0 |       0 | 1-7               
  page.tsx                                                                                    |       0 |        0 |       0 |       0 | 3-59              
 src/app/(route)/change-password                                                              |       0 |      100 |       0 |       0 |                   
  page.tsx                                                                                    |       0 |      100 |       0 |       0 | 3-31              
 src/app/(route)/change-password/_components                                                  |       0 |      100 |       0 |       0 |                   
  index.ts                                                                                    |       0 |      100 |       0 |       0 | 1                 
 src/app/(route)/change-password/_components/ChangePasswordForm                               |       0 |      100 |       0 |       0 |                   
  ChangePasswordForm.tsx                                                                      |       0 |      100 |       0 |       0 | 1-25              
 src/app/(route)/change-password/_constants                                                   |       0 |      100 |     100 |       0 |                   
  CHANGE_PASSWORD_CONFIG.ts                                                                   |       0 |      100 |     100 |       0 | 1                 
 src/app/(route)/chat                                                                         |       0 |      100 |       0 |       0 |                   
  layout.tsx                                                                                  |       0 |      100 |       0 |       0 | 2-8               
  page.tsx                                                                                    |       0 |      100 |       0 |       0 | 1-7               
 src/app/(route)/chat/[postId]                                                                |       0 |        0 |       0 |       0 |                   
  page.tsx                                                                                    |       0 |        0 |       0 |       0 | 3-93              
 src/app/(route)/chat/[postId]/_components                                                    |       0 |      100 |       0 |       0 |                   
  index.ts                                                                                    |       0 |      100 |       0 |       0 | 1-6               
 src/app/(route)/chat/[postId]/_components/ChatChip                                           |       0 |        0 |       0 |       0 |                   
  CHAT_CHIP_MODE.ts                                                                           |       0 |      100 |     100 |       0 | 1                 
  ChatChip.stories.tsx                                                                        |       0 |      100 |       0 |       0 | 2-42              
  ChatChip.tsx                                                                                |       0 |        0 |       0 |       0 | 1-26              
 src/app/(route)/chat/[postId]/_components/ChatRoomHeader                                     |       0 |        0 |       0 |       0 |                   
  ChatRoomHeader.stories.tsx                                                                  |       0 |      100 |       0 |       0 | 2-75              
  ChatRoomHeader.tsx                                                                          |       0 |        0 |       0 |       0 | 3-66              
 src/app/(route)/chat/[postId]/_components/ChatRoomHeaderInfoButton                           |       0 |        0 |       0 |       0 |                   
  ChatRoomHeaderInfoButton.stories.tsx                                                        |       0 |      100 |       0 |       0 | 2-46              
  ChatRoomHeaderInfoButton.tsx                                                                |       0 |        0 |       0 |       0 | 3-72              
  INFO_OPTIONS.ts                                                                             |       0 |      100 |     100 |       0 | 1                 
  useClickOutside.ts                                                                          |       0 |        0 |       0 |       0 | 1-20              
 src/app/(route)/chat/[postId]/_components/ChatRoomMain                                       |       0 |        0 |       0 |       0 |                   
  ChatRoomMain.stories.tsx                                                                    |       0 |      100 |       0 |       0 | 2-85              
  ChatRoomMain.tsx                                                                            |       0 |        0 |       0 |       0 | 3-80              
 src/app/(route)/chat/[postId]/_components/ChatRoomMain/_internal                             |       0 |      100 |       0 |       0 |                   
  index.ts                                                                                    |       0 |      100 |       0 |       0 | 1-4               
 src/app/(route)/chat/[postId]/_components/ChatRoomMain/_internal/ChatBox                     |       0 |        0 |       0 |       0 |                   
  ChatBox.tsx                                                                                 |       0 |        0 |       0 |       0 | 1-50              
 src/app/(route)/chat/[postId]/_components/ChatRoomMain/_internal/ChatDateDivider             |       0 |      100 |       0 |       0 |                   
  ChatDateDivider.tsx                                                                         |       0 |      100 |       0 |       0 | 1-17              
 src/app/(route)/chat/[postId]/_components/ChatRoomMain/_internal/ChatImageBox                |       0 |        0 |       0 |       0 |                   
  ChatImageBox.tsx                                                                            |       0 |        0 |       0 |       0 | 3-77              
 src/app/(route)/chat/[postId]/_components/ChatRoomMain/_internal/ChatImageButton             |       0 |        0 |       0 |       0 |                   
  ChatImageButton.tsx                                                                         |       0 |        0 |       0 |       0 | 1-32              
 src/app/(route)/chat/[postId]/_components/ChatRoomMain/_internal/hooks                       |       0 |      100 |       0 |       0 |                   
  index.ts                                                                                    |       0 |      100 |       0 |       0 | 1-4               
 src/app/(route)/chat/[postId]/_components/ChatRoomMain/_internal/hooks/useChatInfiniteScroll |       0 |        0 |       0 |       0 |                   
  useChatInfiniteScroll.ts                                                                    |       0 |        0 |       0 |       0 | 1-68              
 src/app/(route)/chat/[postId]/_components/ChatRoomMain/_internal/hooks/useChatInitialScroll  |       0 |        0 |       0 |       0 |                   
  useChatInitialScroll.ts                                                                     |       0 |        0 |       0 |       0 | 1-19              
 src/app/(route)/chat/[postId]/_components/ChatRoomMain/_internal/hooks/useChatScroll         |       0 |        0 |       0 |       0 |                   
  useChatScroll.ts                                                                            |       0 |        0 |       0 |       0 | 1-42              
 src/app/(route)/chat/[postId]/_components/ChatRoomMain/_internal/hooks/useChatScrollPreserve |       0 |        0 |       0 |       0 |                   
  useChatScrollPreserve.ts                                                                    |       0 |        0 |       0 |       0 | 1-92              
 src/app/(route)/chat/[postId]/_components/ChatRoomMain/constants                             |       0 |      100 |     100 |       0 |                   
  CHAT_SENDER_STYLE.ts                                                                        |       0 |      100 |     100 |       0 | 1                 
 src/app/(route)/chat/[postId]/_components/ChatRoomMain/utils                                 |       0 |        0 |       0 |       0 |                   
  enrichMessages.ts                                                                           |       0 |        0 |       0 |       0 | 2-20              
 src/app/(route)/chat/[postId]/_components/EmptyChatRoom                                      |       0 |      100 |       0 |       0 |                   
  EMPTY_MODE_STYLE.ts                                                                         |       0 |      100 |     100 |       0 | 3                 
  EmptyChatRoom.tsx                                                                           |       0 |      100 |       0 |       0 | 1-20              
 src/app/(route)/chat/[postId]/_components/InputChat                                          |       0 |        0 |       0 |       0 |                   
  InputChat.stories.tsx                                                                       |       0 |      100 |       0 |       0 | 2-40              
  InputChat.tsx                                                                               |       0 |        0 |       0 |       0 | 3-135             
 src/app/(route)/chat/[postId]/_components/InputChat/_internal                                |       0 |        0 |       0 |       0 |                   
  InputChatImageSection.tsx                                                                   |       0 |        0 |       0 |       0 | 3-50              
  useHandleSendImage.ts                                                                       |       0 |        0 |       0 |       0 | 1-37              
 src/app/(route)/chat/[postId]/_hooks                                                         |       0 |      100 |       0 |       0 |                   
  index.ts                                                                                    |       0 |      100 |       0 |       0 | 1-4               
 src/app/(route)/chat/[postId]/_hooks/useChatMessageSubmit                                    |       0 |        0 |       0 |       0 |                   
  useChatMessageSubmit.ts                                                                     |       0 |        0 |       0 |       0 | 2-44              
 src/app/(route)/chat/[postId]/_hooks/useChatRoomData                                         |       0 |        0 |       0 |       0 |                   
  useChatRoomData.ts                                                                          |       0 |        0 |       0 |       0 | 1-31              
 src/app/(route)/chat/[postId]/_hooks/useChatSocketMessage                                    |       0 |        0 |       0 |       0 |                   
  useChatSocketMessage.ts                                                                     |       0 |        0 |       0 |       0 | 1-65              
 src/app/(route)/chat/[postId]/_hooks/useInitialChatPagination                                |       0 |        0 |       0 |       0 |                   
  useInitialChatPagination.ts                                                                 |       0 |        0 |       0 |       0 | 1-33              
 src/app/(route)/chat/[postId]/_utils                                                         |       0 |      100 |       0 |       0 |                   
  index.ts                                                                                    |       0 |      100 |       0 |       0 | 1-8               
 src/app/(route)/chat/[postId]/_utils/chatMessageCache                                        |       0 |        0 |       0 |       0 |                   
  chatMessageCache.ts                                                                         |       0 |        0 |       0 |       0 | 6-88              
 src/app/(route)/chat/[postId]/_utils/findOptimisticMessage                                   |       0 |        0 |       0 |       0 |                   
  findOptimisticMessage.ts                                                                    |       0 |        0 |       0 |       0 | 4-20              
 src/app/(route)/chat/[postId]/_utils/getPostMode                                             |       0 |        0 |       0 |       0 |                   
  getPostMode.ts                                                                              |       0 |        0 |       0 |       0 | 3-7               
 src/app/(route)/chat/[postId]/_utils/transformWebSocketMessage                               |       0 |        0 |       0 |       0 |                   
  transformWebSocketMessage.ts                                                                |       0 |        0 |       0 |       0 | 4-12              
 src/app/(route)/chat/[postId]/report                                                         |       0 |        0 |       0 |       0 |                   
  ChatReportPage.stories.tsx                                                                  |       0 |      100 |       0 |       0 | 2-38              
  page.tsx                                                                                    |       0 |        0 |       0 |       0 | 3-88              
 src/app/(route)/chat/[postId]/report/_components                                             |       0 |        0 |       0 |       0 |                   
  ReportReasonModal.tsx                                                                       |       0 |        0 |       0 |       0 | 3-93              
  index.ts                                                                                    |       0 |      100 |       0 |       0 | 1                 
 src/app/(route)/chat/[postId]/report/_constants                                              |       0 |      100 |     100 |       0 |                   
  REPORT_REASONS.ts                                                                           |       0 |      100 |     100 |       0 | 1                 
 src/app/(route)/chat/_components                                                             |       0 |      100 |       0 |       0 |                   
  index.ts                                                                                    |       0 |      100 |       0 |       0 | 1-4               
 src/app/(route)/chat/_components/ChatItem                                                    |       0 |        0 |       0 |       0 |                   
  ChatItem.stories.tsx                                                                        |       0 |      100 |       0 |       0 | 2-32              
  ChatItem.tsx                                                                                |       0 |        0 |       0 |       0 | 1-69              
  MOCK_IMAGES.ts                                                                              |       0 |      100 |     100 |       0 | 1                 
 src/app/(route)/chat/_components/ChatLayoutClient                                            |       0 |      100 |       0 |       0 |                   
  ChatLayoutClient.tsx                                                                        |       0 |      100 |       0 |       0 | 4-11              
 src/app/(route)/chat/_components/DefaultList                                                 |       0 |        0 |       0 |       0 |                   
  DefaultList.stories.tsx                                                                     |       0 |      100 |       0 |       0 | 2-40              
  DefaultList.tsx                                                                             |       0 |        0 |       0 |       0 | 3-50              
 src/app/(route)/chat/_components/FilterDropdown                                              |       0 |        0 |       0 |       0 |                   
  FilterDropdown.stories.tsx                                                                  |       0 |      100 |       0 |       0 | 2-50              
  FilterDropdown.tsx                                                                          |       0 |        0 |       0 |       0 | 3-84              
 src/app/(route)/chat/_components/ListView                                                    |       0 |        0 |       0 |       0 |                   
  ListView.tsx                                                                                |       0 |        0 |       0 |       0 | 3-45              
 src/app/(route)/chat/constants                                                               |       0 |      100 |     100 |       0 |                   
  FILTER.ts                                                                                   |       0 |      100 |     100 |       0 | 1-12              
  SELECTED_TEXT.ts                                                                            |       0 |      100 |     100 |       0 | 1                 
 src/app/(route)/chat/hooks                                                                   |       0 |      100 |       0 |       0 |                   
  index.ts                                                                                    |       0 |      100 |       0 |       0 | 1-2               
 src/app/(route)/chat/hooks/useHandleClickOutside                                             |       0 |        0 |       0 |       0 |                   
  useHandleClickOutside.ts                                                                    |       0 |        0 |       0 |       0 | 1-27              
 src/app/(route)/chat/hooks/useUpdatePosition                                                 |       0 |        0 |       0 |       0 |                   
  useUpdatePosition.ts                                                                        |       0 |        0 |       0 |       0 | 1-30              
 src/app/(route)/faq                                                                          |       0 |      100 |       0 |       0 |                   
  page.tsx                                                                                    |       0 |      100 |       0 |       0 | 1-11              
 src/app/(route)/find-pw                                                                      |       0 |      100 |       0 |       0 |                   
  page.tsx                                                                                    |       0 |      100 |       0 |       0 | 5-24              
 src/app/(route)/hello                                                                        |       0 |      100 |       0 |       0 |                   
  layout.tsx                                                                                  |       0 |      100 |       0 |       0 | 1-13              
  page.tsx                                                                                    |       0 |      100 |       0 |       0 | 1-16              
 src/app/(route)/hello/_components                                                            |       0 |      100 |       0 |       0 |                   
  index.ts                                                                                    |       0 |      100 |       0 |       0 | 1-2               
 src/app/(route)/hello/_components/CTASection                                                 |       0 |      100 |       0 |       0 |                   
  CTASection.stories.tsx                                                                      |       0 |      100 |       0 |       0 | 2-28              
  CTASection.tsx                                                                              |       0 |      100 |       0 |       0 | 1-34              
 src/app/(route)/hello/_components/FeatureSection                                             |       0 |        0 |       0 |       0 |                   
  FeatureSection.stories.tsx                                                                  |       0 |      100 |       0 |       0 | 2-70              
  FeatureSection.tsx                                                                          |       0 |        0 |       0 |       0 | 2-32              
 src/app/(route)/hello/_components/ImageSlots                                                 |       0 |      100 |       0 |       0 |                   
  index.ts                                                                                    |       0 |      100 |       0 |       0 | 1-4               
 src/app/(route)/hello/_components/ImageSlots/FourthSection                                   |       0 |        0 |       0 |       0 |                   
  FourthSection.stories.tsx                                                                   |       0 |      100 |       0 |       0 | 2-28              
  FourthSection.tsx                                                                           |       0 |        0 |       0 |       0 | 3-35              
 src/app/(route)/hello/_components/ImageSlots/HeroSection                                     |       0 |      100 |       0 |       0 |                   
  HeroSection.stories.tsx                                                                     |       0 |      100 |       0 |       0 | 2-28              
  HeroSection.tsx                                                                             |       0 |      100 |       0 |       0 | 1-33              
 src/app/(route)/hello/_components/ImageSlots/SecondSection                                   |       0 |        0 |       0 |       0 |                   
  SECOND_SECTION_IMAGES.ts                                                                    |       0 |      100 |     100 |       0 | 1                 
  SecondSection.stories.tsx                                                                   |       0 |      100 |       0 |       0 | 2-28              
  SecondSection.tsx                                                                           |       0 |        0 |       0 |       0 | 3-44              
 src/app/(route)/hello/_components/ImageSlots/ThirdSection                                    |       0 |        0 |       0 |       0 |                   
  THIRD_SECTION_PARTS.ts                                                                      |       0 |      100 |     100 |       0 | 1-43              
  ThidrSection.stories.tsx                                                                    |       0 |      100 |       0 |       0 | 2-28              
  ThirdSection.tsx                                                                            |       0 |        0 |       0 |       0 | 3-78              
 src/app/(route)/hello/_constants                                                             |       0 |      100 |     100 |       0 |                   
  FEATURES.tsx                                                                                |       0 |      100 |     100 |       0 | 1-3               
 src/app/(route)/hello/_hooks                                                                 |       0 |      100 |       0 |       0 |                   
  index.ts                                                                                    |       0 |      100 |       0 |       0 | 1                 
 src/app/(route)/hello/_hooks/useInView                                                       |       0 |        0 |       0 |       0 |                   
  useInView.ts                                                                                |       0 |        0 |       0 |       0 | 3-33              
 src/app/(route)/list                                                                         |       0 |      100 |       0 |       0 |                   
  layout.tsx                                                                                  |       0 |      100 |       0 |       0 | 2-13              
  page.tsx                                                                                    |       0 |      100 |       0 |       0 | 1-12              
 src/app/(route)/list/[id]                                                                    |       0 |      100 |       0 |       0 |                   
  page.tsx                                                                                    |       0 |      100 |       0 |       0 | 1-13              
 src/app/(route)/list/[id]/_components                                                        |       0 |      100 |       0 |       0 |                   
  index.ts                                                                                    |       0 |      100 |       0 |       0 | 1-4               
 src/app/(route)/list/[id]/_components/ClientDetail                                           |       0 |        0 |       0 |       0 |                   
  ClientDetail.tsx                                                                            |       0 |        0 |       0 |       0 | 3-36              
 src/app/(route)/list/[id]/_components/CommentForm                                            |       0 |      100 |       0 |       0 |                   
  CommentForm.stories.tsx                                                                     |       0 |      100 |       0 |       0 | 2-23              
  CommentForm.tsx                                                                             |       0 |      100 |       0 |       0 | 3-36              
 src/app/(route)/list/[id]/_components/PostActionMenu                                         |       0 |        0 |       0 |       0 |                   
  ACTION_MENU_STYLES.ts                                                                       |       0 |      100 |     100 |       0 | 1                 
  PostActionMenu.tsx                                                                          |       0 |        0 |       0 |       0 | 3-88              
 src/app/(route)/list/[id]/_components/PostDetail                                             |       0 |        0 |       0 |       0 |                   
  LABELS.ts                                                                                   |       0 |      100 |     100 |       0 | 1                 
  PostDetail.stories.tsx                                                                      |       0 |      100 |       0 |       0 | 2-32              
  PostDetail.tsx                                                                              |       0 |        0 |       0 |       0 | 1-36              
 src/app/(route)/list/[id]/_components/PostDetail/_internal                                   |       0 |      100 |       0 |       0 |                   
  index.ts                                                                                    |       0 |      100 |       0 |       0 | 1-2               
 src/app/(route)/list/[id]/_components/PostDetail/_internal/PostChipSection                   |       0 |      100 |       0 |       0 |                   
  PostChipSection.tsx                                                                         |       0 |      100 |       0 |       0 | 1-23              
 src/app/(route)/list/[id]/_components/PostDetail/_internal/PostDetailBody                    |       0 |        0 |       0 |       0 |                   
  PostDetailBody.tsx                                                                          |       0 |        0 |       0 |       0 | 1-61              
 src/app/(route)/list/[id]/_components/PostDetail/_internal/PostDetailPreviewKakaoMap         |       0 |        0 |       0 |       0 |                   
  PostDetailPreviewKakaoMap.tsx                                                               |       0 |        0 |       0 |       0 | 1-51              
 src/app/(route)/list/[id]/_components/PostDetailHeader                                       |       0 |      100 |       0 |       0 |                   
  PostDetailHeader.stories.tsx                                                                |       0 |      100 |       0 |       0 | 2-23              
  PostDetailHeader.tsx                                                                        |       0 |      100 |       0 |       0 | 1-55              
 src/app/(route)/list/[id]/_components/PostDetailHeader/_internal/ImageSection                |       0 |        0 |       0 |       0 |                   
  ImageSection.tsx                                                                            |       0 |        0 |       0 |       0 | 3-73              
 src/app/(route)/list/[id]/_components/PostDetailTopHeader                                    |       0 |      100 |       0 |       0 |                   
  PostDetailTopHeader.tsx                                                                     |       0 |      100 |       0 |       0 | 3-36              
 src/app/(route)/list/[id]/_components/PostShare                                              |       0 |        0 |       0 |       0 |                   
  PostShare.tsx                                                                               |       0 |        0 |       0 |       0 | 3-70              
  SHARE.ts                                                                                    |       0 |      100 |     100 |       0 | 1                 
 src/app/(route)/list/[id]/_components/SimilarItemsSection                                    |       0 |      100 |       0 |       0 |                   
  SimilarItemsSection.stories.tsx                                                             |       0 |      100 |     100 |       0 | 2-16              
  SimilarItemsSection.tsx                                                                     |       0 |      100 |       0 |       0 | 1-22              
 src/app/(route)/list/[id]/_components/_internal                                              |       0 |      100 |       0 |       0 |                   
  index.ts                                                                                    |       0 |      100 |       0 |       0 | 1-3               
 src/app/(route)/list/[id]/_components/_internal/ErrorSimilarSection                          |       0 |      100 |       0 |       0 |                   
  ErrorSimilarSection.stories.tsx                                                             |       0 |      100 |       0 |       0 | 2-23              
  ErrorSimilarSection.tsx                                                                     |       0 |      100 |       0 |       0 | 1-24              
 src/app/(route)/list/[id]/_components/_internal/SimilarItem                                  |       0 |      100 |       0 |       0 |                   
  SimilarItem.stories.tsx                                                                     |       0 |      100 |       0 |       0 | 2-30              
  SimilarItem.tsx                                                                             |       0 |      100 |       0 |       0 | 1-46              
 src/app/(route)/list/[id]/_components/_internal/SimilarItemSkeleton                          |       0 |      100 |       0 |       0 |                   
  SimilarItemSkeleton.stories.tsx                                                             |       0 |      100 |       0 |       0 | 2-30              
  SimilarItemSkeleton.tsx                                                                     |       0 |      100 |       0 |       0 | 1-58              
 src/app/(route)/list/[id]/_hooks                                                             |       0 |        0 |       0 |       0 |                   
  useToggleFavorite.ts                                                                        |       0 |        0 |       0 |       0 | 1-21              
 src/app/(route)/list/[id]/map                                                                |       0 |      100 |       0 |       0 |                   
  page.tsx                                                                                    |       0 |      100 |       0 |       0 | 1-19              
 src/app/(route)/list/[id]/map/_components                                                    |       0 |      100 |       0 |       0 |                   
  index.ts                                                                                    |       0 |      100 |       0 |       0 | 1                 
 src/app/(route)/list/[id]/map/_components/PostDetailKakaoMap                                 |       0 |        0 |       0 |       0 |                   
  PostDetailKakaoMap.tsx                                                                      |       0 |        0 |       0 |       0 | 3-47              
 src/app/(route)/list/[id]/map/_utils                                                         |       0 |        0 |       0 |       0 |                   
  toNumber.ts                                                                                 |       0 |        0 |       0 |       0 | 1-5               
 src/app/(route)/list/_components                                                             |       0 |      100 |       0 |       0 |                   
  index.ts                                                                                    |       0 |      100 |       0 |       0 | 1-3               
 src/app/(route)/list/_components/DefaultList                                                 |       0 |        0 |       0 |       0 |                   
  DefaultList.tsx                                                                             |       0 |        0 |       0 |       0 | 3-85              
 src/app/(route)/list/_components/ListView                                                    |       0 |        0 |       0 |       0 |                   
  ListView.tsx                                                                                |       0 |        0 |       0 |       0 | 3-30              
 src/app/(route)/list/_components/PostWriteMenu                                               |       0 |        0 |       0 |       0 |                   
  PostWriteMenu.tsx                                                                           |       0 |        0 |       0 |       0 | 3-65              
  WRITE_MENU_STYLES.ts                                                                        |       0 |      100 |     100 |       0 | 1                 
 src/app/(route)/list/_constants                                                              |       0 |      100 |     100 |       0 |                   
  LIST_ITEM_MOCK.ts                                                                           |       0 |      100 |     100 |       0 | 1                 
  SEARCH_HEADER_TITLE.ts                                                                      |       0 |      100 |     100 |       0 | 1                 
  TABS.ts                                                                                     |       0 |      100 |     100 |       0 | 1                 
 src/app/(route)/login                                                                        |       0 |        0 |       0 |       0 |                   
  layout.tsx                                                                                  |       0 |      100 |       0 |       0 | 1-7               
  page.tsx                                                                                    |       0 |        0 |       0 |       0 | 3-75              
 src/app/(route)/login/_components                                                            |       0 |      100 |       0 |       0 |                   
  index.ts                                                                                    |       0 |      100 |       0 |       0 | 1                 
 src/app/(route)/login/_components/LogoLink                                                   |       0 |      100 |       0 |       0 |                   
  LogoLink.tsx                                                                                |       0 |      100 |       0 |       0 | 1-13              
 src/app/(route)/login/_hooks                                                                 |       0 |        0 |       0 |       0 |                   
  useSessionNotification.ts                                                                   |       0 |        0 |       0 |       0 | 1-24              
 src/app/(route)/login/email                                                                  |       0 |      100 |       0 |       0 |                   
  page.tsx                                                                                    |       0 |      100 |       0 |       0 | 4-42              
 src/app/(route)/login/email/_components                                                      |       0 |      100 |       0 |       0 |                   
  index.ts                                                                                    |       0 |      100 |       0 |       0 | 1                 
 src/app/(route)/login/email/_components/EmailLoginForm                                       |       0 |      100 |       0 |       0 |                   
  EmailLoginForm.tsx                                                                          |       0 |      100 |       0 |       0 | 3-52              
 src/app/(route)/login/email/_constants                                                       |       0 |      100 |     100 |       0 |                   
  CHECKBOX_CONFIG.ts                                                                          |       0 |      100 |     100 |       0 | 1                 
  EMAIL_LOGIN_CONFIG.ts                                                                       |       0 |      100 |     100 |       0 | 1                 
  EMAIL_LOGIN_ERROR_MESSAGE.ts                                                                |       0 |      100 |     100 |       0 | 1                 
 src/app/(route)/login/email/_hooks                                                           |       0 |        0 |       0 |       0 |                   
  useLoginForm.ts                                                                             |       0 |        0 |       0 |       0 | 1-62              
 src/app/(route)/manual                                                                       |       0 |      100 |       0 |       0 |                   
  layout.tsx                                                                                  |       0 |      100 |       0 |       0 | 1-13              
  page.tsx                                                                                    |       0 |      100 |       0 |       0 | 3-27              
 src/app/(route)/manual/_components                                                           |       0 |      100 |       0 |       0 |                   
  index.ts                                                                                    |       0 |      100 |       0 |       0 | 1-2               
 src/app/(route)/manual/_components/ManualList                                                |       0 |        0 |       0 |       0 |                   
  ManualList.stories.tsx                                                                      |       0 |      100 |       0 |       0 | 2-29              
  ManualList.tsx                                                                              |       0 |        0 |       0 |       0 | 3-90              
 src/app/(route)/manual/_components/ManualPopup                                               |       0 |      100 |       0 |       0 |                   
  ManualPopup.stories.tsx                                                                     |       0 |      100 |       0 |       0 | 2-16              
  ManualPopup.tsx                                                                             |       0 |      100 |       0 |       0 | 3-44              
 src/app/(route)/manual/_constants                                                            |       0 |      100 |     100 |       0 |                   
  MANUAL_CONSTANT.tsx                                                                         |       0 |      100 |     100 |       0 | 3-20              
 src/app/(route)/manual/_types                                                                |       0 |      100 |     100 |       0 |                   
  ManualType.ts                                                                               |       0 |      100 |     100 |       0 | 10                
 src/app/(route)/mypage                                                                       |       0 |      100 |       0 |       0 |                   
  page.tsx                                                                                    |       0 |      100 |       0 |       0 | 1-15              
 src/app/(route)/mypage/_components                                                           |       0 |      100 |       0 |       0 |                   
  index.ts                                                                                    |       0 |      100 |       0 |       0 | 1-3               
 src/app/(route)/mypage/_components/MyPageIconNav                                             |       0 |        0 |       0 |       0 |                   
  MyPageIconNav.stories.tsx                                                                   |       0 |      100 |       0 |       0 | 2-21              
  MyPageIconNav.tsx                                                                           |       0 |        0 |       0 |       0 | 1-41              
 src/app/(route)/mypage/_components/MyPageMenuSection                                         |       0 |        0 |       0 |       0 |                   
  MyPageMenuSection.stories.tsx                                                               |       0 |      100 |       0 |       0 | 2-40              
  MyPageMenuSection.tsx                                                                       |       0 |        0 |       0 |       0 | 3-44              
 src/app/(route)/mypage/_components/MyPageProfile                                             |       0 |      100 |       0 |       0 |                   
  MyPageProfile.tsx                                                                           |       0 |      100 |       0 |       0 | 1-28              
  MypageProfile.stories.tsx                                                                   |       0 |      100 |       0 |       0 | 2-26              
 src/app/(route)/mypage/_constants                                                            |       0 |      100 |     100 |       0 |                   
  MYPAGE_ROUTE_CONFIG.ts                                                                      |       0 |      100 |     100 |       0 | 1-32              
 src/app/(route)/mypage/_internal                                                             |       0 |      100 |       0 |       0 |                   
  index.ts                                                                                    |       0 |      100 |       0 |       0 | 2-5               
 src/app/(route)/mypage/_internal/SelectBottomSheet                                           |       0 |        0 |       0 |       0 |                   
  SelectBottomSheet.tsx                                                                       |       0 |        0 |       0 |       0 | 3-50              
 src/app/(route)/mypage/activity                                                              |       0 |      100 |       0 |       0 |                   
  page.tsx                                                                                    |       0 |      100 |       0 |       0 | 1-23              
 src/app/(route)/mypage/activity/_components                                                  |       0 |      100 |       0 |       0 |                   
  index.ts                                                                                    |       0 |      100 |       0 |       0 | 1-2               
 src/app/(route)/mypage/activity/_components/ActivityBottomSheet                              |       0 |        0 |       0 |       0 |                   
  ActivityBottomSheet.tsx                                                                     |       0 |        0 |       0 |       0 | 1-25              
 src/app/(route)/mypage/activity/_components/ActivityContainer                                |       0 |        0 |       0 |       0 |                   
  ActivityContainer.tsx                                                                       |       0 |        0 |       0 |       0 | 1-90              
 src/app/(route)/mypage/activity/_components/ActivityFilter                                   |       0 |        0 |       0 |       0 |                   
  ActivityFilter.tsx                                                                          |       0 |        0 |       0 |       0 | 3-45              
 src/app/(route)/mypage/activity/_constants                                                   |       0 |      100 |     100 |       0 |                   
  ACTIVITY_FILTER.ts                                                                          |       0 |      100 |     100 |       0 | 1                 
  ACTIVITY_OPTIONS.ts                                                                         |       0 |      100 |     100 |       0 | 1                 
  ACTIVITY_STYLE_CONFIG.ts                                                                    |       0 |      100 |     100 |       0 | 5                 
 src/app/(route)/mypage/activity/_utils                                                       |       0 |        0 |       0 |       0 |                   
  formatHHMM.ts                                                                               |       0 |        0 |       0 |       0 | 1-15              
  transformActivityArray.ts                                                                   |       0 |        0 |       0 |       0 | 5-36              
 src/app/(route)/mypage/comments                                                              |       0 |      100 |       0 |       0 |                   
  page.tsx                                                                                    |       0 |      100 |       0 |       0 | 1-21              
 src/app/(route)/mypage/comments/_components                                                  |       0 |      100 |       0 |       0 |                   
  index.ts                                                                                    |       0 |      100 |       0 |       0 | 1-2               
 src/app/(route)/mypage/comments/_components/MypageCommentsFilter                             |       0 |        0 |       0 |       0 |                   
  MypageCommentsFilter.tsx                                                                    |       0 |        0 |       0 |       0 | 3-56              
 src/app/(route)/mypage/comments/_components/MypageCommentsList                               |       0 |        0 |       0 |       0 |                   
  MypageCommentsList.tsx                                                                      |       0 |        0 |       0 |       0 | 1-22              
 src/app/(route)/mypage/comments/_constant                                                    |       0 |      100 |     100 |       0 |                   
  MYPAGE_COMMENTS_KEBAB_OPTIONS.ts                                                            |       0 |      100 |     100 |       0 | 1                 
 src/app/(route)/mypage/delete-account                                                        |       0 |      100 |       0 |       0 |                   
  page.tsx                                                                                    |       0 |      100 |       0 |       0 | 1-18              
 src/app/(route)/mypage/delete-account/_components                                            |       0 |      100 |       0 |       0 |                   
  index.ts                                                                                    |       0 |      100 |       0 |       0 | 1-2               
 src/app/(route)/mypage/delete-account/_components/DeleteAccountContainer                     |       0 |        0 |       0 |       0 |                   
  DeleteAccountContainer.tsx                                                                  |       0 |        0 |       0 |       0 | 3-53              
 src/app/(route)/mypage/delete-account/_components/DeleteAccountReason                        |       0 |      100 |       0 |       0 |                   
  DeleteAccountReason.tsx                                                                     |       0 |      100 |       0 |       0 | 3-82              
 src/app/(route)/mypage/delete-account/_constants                                             |       0 |      100 |     100 |       0 |                   
  RadioConfig.ts                                                                              |       0 |      100 |     100 |       0 | 1                 
 src/app/(route)/mypage/favorites                                                             |       0 |      100 |       0 |       0 |                   
  layout.tsx                                                                                  |       0 |      100 |       0 |       0 | 1-7               
  page.tsx                                                                                    |       0 |      100 |       0 |       0 | 3-24              
 src/app/(route)/mypage/favorites/_components                                                 |       0 |      100 |       0 |       0 |                   
  index.ts                                                                                    |       0 |      100 |       0 |       0 | 1                 
 src/app/(route)/mypage/favorites/_components/MypageFavoritesList                             |       0 |        0 |       0 |       0 |                   
  MypageFavoritesList.tsx                                                                     |       0 |        0 |       0 |       0 | 2-25              
 src/app/(route)/mypage/inquiries                                                             |       0 |      100 |       0 |       0 |                   
  page.tsx                                                                                    |       0 |      100 |       0 |       0 | 1-21              
 src/app/(route)/mypage/inquiries/[id]                                                        |       0 |      100 |       0 |       0 |                   
  page.tsx                                                                                    |       0 |      100 |       0 |       0 | 1-15              
 src/app/(route)/mypage/notifications                                                         |       0 |      100 |       0 |       0 |                   
  page.tsx                                                                                    |       0 |      100 |       0 |       0 | 1-18              
 src/app/(route)/mypage/notifications/_components                                             |       0 |      100 |       0 |       0 |                   
  index.ts                                                                                    |       0 |      100 |       0 |       0 | 1                 
 src/app/(route)/mypage/notifications/_components/NotificationSettingList                     |       0 |        0 |       0 |       0 |                   
  NotificationSettingList.tsx                                                                 |       0 |        0 |       0 |       0 | 3-64              
 src/app/(route)/mypage/notifications/_constants                                              |       0 |      100 |     100 |       0 |                   
  NOTIFICATION_ITEM.ts                                                                        |       0 |      100 |     100 |       0 | 2                 
 src/app/(route)/mypage/posts                                                                 |       0 |      100 |       0 |       0 |                   
  layout.tsx                                                                                  |       0 |      100 |       0 |       0 | 1-7               
  page.tsx                                                                                    |       0 |      100 |       0 |       0 | 3-23              
 src/app/(route)/mypage/posts/_components                                                     |       0 |      100 |       0 |       0 |                   
  index.ts                                                                                    |       0 |      100 |       0 |       0 | 1                 
 src/app/(route)/mypage/posts/_components/MypagePostsList                                     |       0 |        0 |       0 |       0 |                   
  MypagePostsList.tsx                                                                         |       0 |        0 |       0 |       0 | 2-25              
 src/app/(route)/mypage/posts/_constants                                                      |       0 |      100 |     100 |       0 |                   
  MYPAGE_POSTS_FILTER.ts                                                                      |       0 |      100 |     100 |       0 | 1                 
  MYPAGE_POSTS_SHEET_FILTER.ts                                                                |       0 |      100 |     100 |       0 | 1                 
 src/app/(route)/mypage/profile                                                               |       0 |      100 |       0 |       0 |                   
  page.tsx                                                                                    |       0 |      100 |       0 |       0 | 3-31              
 src/app/(route)/mypage/profile/_components                                                   |       0 |      100 |       0 |       0 |                   
  index.ts                                                                                    |       0 |      100 |       0 |       0 | 1                 
 src/app/(route)/mypage/profile/_components/MypageProfileForm                                 |       0 |      100 |       0 |       0 |                   
  MypageProfileForm.tsx                                                                       |       0 |      100 |       0 |       0 | 1-52              
 src/app/(route)/mypage/reports                                                               |       0 |      100 |       0 |       0 |                   
  page.tsx                                                                                    |       0 |      100 |       0 |       0 | 1-21              
 src/app/(route)/mypage/reports/[id]                                                          |       0 |      100 |       0 |       0 |                   
  page.tsx                                                                                    |       0 |      100 |       0 |       0 | 1-15              
 src/app/(route)/notice                                                                       |       0 |        0 |       0 |       0 |                   
  layout.tsx                                                                                  |       0 |      100 |       0 |       0 | 1-8               
  page.tsx                                                                                    |       0 |        0 |       0 |       0 | 3-40              
 src/app/(route)/notice/[id]                                                                  |       0 |        0 |       0 |       0 |                   
  page.tsx                                                                                    |       0 |        0 |       0 |       0 | 1-25              
 src/app/(route)/notice/_components                                                           |       0 |      100 |       0 |       0 |                   
  index.ts                                                                                    |       0 |      100 |       0 |       0 | 1-6               
 src/app/(route)/notice/_components/Customer                                                  |       0 |      100 |       0 |       0 |                   
  Customer.tsx                                                                                |       0 |      100 |       0 |       0 | 1-19              
 src/app/(route)/notice/_components/CustomerItem                                              |       0 |      100 |       0 |       0 |                   
  CustomerItem.stories.tsx                                                                    |       0 |      100 |       0 |       0 | 2-23              
  CustomerItem.tsx                                                                            |       0 |      100 |       0 |       0 | 1-46              
 src/app/(route)/notice/_components/CustomerList                                              |       0 |      100 |       0 |       0 |                   
  CustomerList.stories.tsx                                                                    |       0 |      100 |       0 |       0 | 2-22              
  CustomerList.tsx                                                                            |       0 |      100 |       0 |       0 | 1-17              
 src/app/(route)/notice/_components/NoticeChip                                                |       0 |      100 |       0 |       0 |                   
  NoticeChip.tsx                                                                              |       0 |      100 |       0 |       0 | 5-11              
 src/app/(route)/notice/_components/NoticeDetailHeader                                        |       0 |      100 |       0 |       0 |                   
  NoticeDetailHeader.tsx                                                                      |       0 |      100 |       0 |       0 | 1-16              
 src/app/(route)/notice/_components/NoticeView                                                |       0 |        0 |       0 |       0 |                   
  NoticeView.tsx                                                                              |       0 |        0 |       0 |       0 | 2-42              
 src/app/(route)/notice/_constant                                                             |       0 |      100 |     100 |       0 |                   
  commentListObject.ts                                                                        |       0 |      100 |     100 |       0 | 1                 
  customerListObject.ts                                                                       |       0 |      100 |     100 |       0 | 1                 
  noticeListObject.ts                                                                         |       0 |      100 |     100 |       0 | 1                 
  noticeTab.ts                                                                                |       0 |      100 |     100 |       0 | 1                 
 src/app/(route)/notice/customer/[id]                                                         |       0 |        0 |       0 |       0 |                   
  page.tsx                                                                                    |       0 |        0 |       0 |       0 | 1-25              
 src/app/(route)/notice/customer/inquiry-private                                              |       0 |      100 |       0 |       0 |                   
  page.tsx                                                                                    |       0 |      100 |       0 |       0 | 1-74              
 src/app/(route)/sign-up                                                                      |       0 |      100 |       0 |       0 |                   
  page.tsx                                                                                    |       0 |      100 |       0 |       0 | 4-27              
 src/app/(route)/sign-up/_components                                                          |       0 |      100 |       0 |       0 |                   
  index.ts                                                                                    |       0 |      100 |       0 |       0 | 1-4               
 src/app/(route)/sign-up/_components/AllAgree                                                 |       0 |        0 |       0 |       0 |                   
  AllAgree.tsx                                                                                |       0 |        0 |       0 |       0 | 3-110             
 src/app/(route)/sign-up/_components/DetailAgree                                              |       0 |      100 |       0 |       0 |                   
  DetailAgree.tsx                                                                             |       0 |      100 |       0 |       0 | 1-38              
 src/app/(route)/sign-up/_components/SignUpContainer                                          |       0 |        0 |       0 |       0 |                   
  SignUpContainer.tsx                                                                         |       0 |        0 |       0 |       0 | 3-29              
 src/app/(route)/sign-up/_components/SignUpField                                              |       0 |        0 |       0 |       0 |                   
  SignUpField.tsx                                                                             |       0 |        0 |       0 |       0 | 3-73              
 src/app/(route)/sign-up/_components/SignUpItem                                               |       0 |        0 |       0 |       0 |                   
  SignUpItem.tsx                                                                              |       0 |        0 |       0 |       0 | 3-80              
 src/app/(route)/sign-up/_constants                                                           |       0 |      100 |     100 |       0 |                   
  AGREE_CONFIG.ts                                                                             |       0 |      100 |     100 |       0 | 1                 
  SIGNUP_ERROR_MESSAGE.ts                                                                     |       0 |      100 |     100 |       0 | 1-23              
  SIGNUP_INPUT_CONFIG.ts                                                                      |       0 |      100 |     100 |       0 | 1                 
  TERMS_CONFIG.ts                                                                             |       0 |      100 |     100 |       0 | 1                 
 src/app/(route)/sign-up/_hooks                                                               |       0 |        0 |       0 |       0 |                   
  useNicknameCheck.ts                                                                         |       0 |        0 |       0 |       0 | 1-46              
  useRoutingGard.ts                                                                           |       0 |        0 |       0 |       0 | 1-40              
  useSignUpBtnClick.ts                                                                        |       0 |        0 |       0 |       0 | 1-96              
  useSignUpFlow.ts                                                                            |       0 |        0 |       0 |       0 | 1-63              
  useSignUpSubmit.ts                                                                          |       0 |      100 |       0 |       0 | 1-23              
 src/app/(route)/user/[userId]                                                                |       0 |      100 |       0 |       0 |                   
  layout.tsx                                                                                  |       0 |      100 |       0 |       0 | 3-7               
  page.tsx                                                                                    |       0 |      100 |       0 |       0 | 1-13              
 src/app/(route)/user/[userId]/_components                                                    |       0 |      100 |       0 |       0 |                   
  index.ts                                                                                    |       0 |      100 |       0 |       0 | 1-4               
 src/app/(route)/user/[userId]/_components/TabContents                                        |       0 |        0 |       0 |       0 |                   
  TabContents.stories.tsx                                                                     |       0 |      100 |       0 |       0 | 2-45              
  TabContents.tsx                                                                             |       0 |        0 |       0 |       0 | 3-69              
 src/app/(route)/user/[userId]/_components/UserHeader                                         |       0 |        0 |       0 |       0 |                   
  UserHeader.stories.tsx                                                                      |       0 |      100 |       0 |       0 | 2-24              
  UserHeader.tsx                                                                              |       0 |        0 |       0 |       0 | 1-26              
 src/app/(route)/user/[userId]/_components/UserProfileDetailHeader                            |       0 |      100 |       0 |       0 |                   
  UserProfileDetailHeader.tsx                                                                 |       0 |      100 |       0 |       0 | 3-13              
 src/app/(route)/user/[userId]/_components/UserProfileView                                    |       0 |        0 |       0 |       0 |                   
  UserProfileView.tsx                                                                         |       0 |        0 |       0 |       0 | 3-44              
 src/app/(route)/user/[userId]/_components/_internal                                          |       0 |      100 |       0 |       0 |                   
  index.ts                                                                                    |       0 |      100 |       0 |       0 | 1                 
 src/app/(route)/user/[userId]/_components/_internal/CommentItem                              |       0 |        0 |       0 |       0 |                   
  CommentItem.stories.tsx                                                                     |       0 |      100 |       0 |       0 | 2-40              
  CommentItem.tsx                                                                             |       0 |        0 |       0 |       0 | 1-67              
 src/app/(route)/user/[userId]/_hooks                                                         |       0 |        0 |       0 |       0 |                   
  useUserProfileTabQuery.ts                                                                   |       0 |        0 |       0 |       0 | 3-30              
 src/app/(route)/user/[userId]/_types                                                         |       0 |      100 |     100 |       0 |                   
  USER_TABS.ts                                                                                |       0 |      100 |     100 |       0 | 1                 
 src/app/(route)/write/post                                                                   |       0 |        0 |       0 |       0 |                   
  layout.tsx                                                                                  |       0 |      100 |       0 |       0 | 2-8               
  page.tsx                                                                                    |       0 |        0 |       0 |       0 | 3-83              
 src/app/(route)/write/post/_components                                                       |       0 |      100 |       0 |       0 |                   
  index.ts                                                                                    |       0 |      100 |       0 |       0 | 1-7               
 src/app/(route)/write/post/_components/ActionSection                                         |       0 |      100 |       0 |       0 |                   
  ActionSection.stories.tsx                                                                   |       0 |      100 |       0 |       0 | 2-29              
  ActionSection.tsx                                                                           |       0 |      100 |       0 |       0 | 1-17              
 src/app/(route)/write/post/_components/CategorySection                                       |       0 |        0 |       0 |       0 |                   
  CategorySection.stories.tsx                                                                 |       0 |      100 |       0 |       0 | 2-36              
  CategorySection.tsx                                                                         |       0 |        0 |       0 |       0 | 3-50              
 src/app/(route)/write/post/_components/ContentSection                                        |       0 |      100 |       0 |       0 |                   
  ContentSection.stories.tsx                                                                  |       0 |      100 |       0 |       0 | 2-29              
  ContentSection.tsx                                                                          |       0 |      100 |       0 |       0 | 1-50              
 src/app/(route)/write/post/_components/ImageSection                                          |       0 |        0 |       0 |       0 |                   
  ImageSection.stories.tsx                                                                    |       0 |      100 |       0 |       0 | 2-32              
  ImageSection.tsx                                                                            |       0 |        0 |       0 |       0 | 3-75              
 src/app/(route)/write/post/_components/LocationSection                                       |       0 |        0 |       0 |       0 |                   
  LocationSection.stories.tsx                                                                 |       0 |      100 |       0 |       0 | 2-23              
  LocationSection.tsx                                                                         |       0 |        0 |       0 |       0 | 1-30              
 src/app/(route)/write/post/_components/TitleSection                                          |       0 |      100 |       0 |       0 |                   
  TitleSection.stories.tsx                                                                    |       0 |      100 |       0 |       0 | 2-29              
  TitleSection.tsx                                                                            |       0 |      100 |       0 |       0 | 1-39              
 src/app/(route)/write/post/_components/_internal                                             |       0 |      100 |       0 |       0 |                   
  index.ts                                                                                    |       0 |      100 |       0 |       0 | 1-2               
 src/app/(route)/write/post/_components/_internal/CategoryPopup                               |       0 |        0 |       0 |       0 |                   
  CategoryPopup.stories.tsx                                                                   |       0 |      100 |       0 |       0 | 2-23              
  CategoryPopup.tsx                                                                           |       0 |        0 |       0 |       0 | 4-49              
 src/app/(route)/write/post/_components/_internal/ImagePreviewList                            |       0 |        0 |       0 |       0 |                   
  ImagePreviewList.tsx                                                                        |       0 |        0 |       0 |       0 | 3-94              
 src/app/(route)/write/post/_hooks/usePostWriteSubmit                                         |       0 |        0 |       0 |       0 |                   
  usePostWriteSubmit.ts                                                                       |       0 |        0 |       0 |       0 | 1-70              
 src/app/(route)/write/post/location                                                          |       0 |        0 |       0 |       0 |                   
  layout.tsx                                                                                  |       0 |      100 |       0 |       0 | 2-15              
  page.tsx                                                                                    |       0 |        0 |       0 |       0 | 3-30              
 src/app/(route)/write/post/location/_components                                              |       0 |      100 |       0 |       0 |                   
  index.ts                                                                                    |       0 |      100 |       0 |       0 | 1-3               
 src/app/(route)/write/post/location/_components/LocationRangeSection                         |       0 |      100 |       0 |       0 |                   
  LocationRangeSection.tsx                                                                    |       0 |      100 |       0 |       0 | 3-32              
 src/app/(route)/write/post/location/_components/LocationSearchSection                        |       0 |        0 |       0 |       0 |                   
  LocationSearchSection.tsx                                                                   |       0 |        0 |       0 |       0 | 3-98              
 src/app/(route)/write/post/location/_components/PostWriteFormProvider                        |       0 |      100 |       0 |       0 |                   
  PostWriteFormProvider.tsx                                                                   |       0 |      100 |       0 |       0 | 4-32              
 src/app/(route)/write/post/location/_components/_internal                                    |       0 |      100 |       0 |       0 |                   
  index.ts                                                                                    |       0 |      100 |       0 |       0 | 1-2               
 src/app/(route)/write/post/location/_components/_internal/BottomSheet                        |       0 |        0 |       0 |       0 |                   
  BottomSheet.tsx                                                                             |       0 |        0 |       0 |       0 | 1-84              
  DISTANCE_OPTIONS.ts                                                                         |       0 |      100 |     100 |       0 | 1                 
 src/app/(route)/write/post/location/_components/_internal/PostWriteKakaoMap                  |       0 |        0 |       0 |       0 |                   
  PostWriteKakaoMap.tsx                                                                       |       0 |        0 |       0 |       0 | 3-35              
 src/components/common                                                                        |       0 |      100 |       0 |       0 |                   
  index.ts                                                                                    |       0 |      100 |       0 |       0 | 1-28              
 src/components/common/Badge                                                                  |       0 |      100 |       0 |       0 |                   
  Badge.stories.tsx                                                                           |       0 |      100 |     100 |       0 | 2-22              
  Badge.tsx                                                                                   |       0 |      100 |       0 |       0 | 1-38              
  CONST_BADGE.ts                                                                              |       0 |      100 |     100 |       0 | 1-6               
 src/components/common/Buttons/Bookmark                                                       |       0 |        0 |       0 |       0 |                   
  Bookmark.stories.tsx                                                                        |       0 |      100 |     100 |       0 | 2-16              
  Bookmark.tsx                                                                                |       0 |        0 |       0 |       0 | 2-44              
  constantBookmark.ts                                                                         |       0 |      100 |     100 |       0 | 1                 
 src/components/common/Buttons/Button                                                         |       0 |        0 |       0 |       0 |                   
  Button.stories.tsx                                                                          |       0 |      100 |       0 |       0 | 2-132             
  Button.tsx                                                                                  |       0 |        0 |       0 |       0 | 2-146             
  constantButton.ts                                                                           |       0 |      100 |     100 |       0 | 3-34              
 src/components/common/Buttons/Filter                                                         |       0 |        0 |       0 |       0 |                   
  Filter.stories.tsx                                                                          |       0 |      100 |     100 |       0 | 2-25              
  Filter.tsx                                                                                  |       0 |        0 |       0 |       0 | 2-89              
 src/components/common/Buttons/FloatingButton                                                 |       0 |        0 |       0 |       0 |                   
  FloatingButton.stories.tsx                                                                  |       0 |      100 |     100 |       0 | 2-16              
  FloatingButton.tsx                                                                          |       0 |        0 |       0 |       0 | 2-63              
 src/components/common/Buttons/ImageSelectButton                                              |       0 |        0 |       0 |       0 |                   
  ImageSelectButton.stories.tsx                                                               |       0 |        0 |       0 |       0 | 2-74              
  ImageSelectButton.tsx                                                                       |       0 |        0 |       0 |       0 | 4-121             
 src/components/common/Buttons/ImageSelectButton/_utils                                       |       0 |        0 |       0 |       0 |                   
  getImageButtonState.ts                                                                      |       0 |        0 |       0 |       0 | 3-8               
  handleClick.ts                                                                              |       0 |        0 |       0 |       0 | 4-17              
  index.ts                                                                                    |       0 |      100 |       0 |       0 | 1-2               
 src/components/common/Buttons/KebabMenu                                                      |       0 |        0 |       0 |       0 |                   
  KebabMenu.stories.tsx                                                                       |       0 |      100 |     100 |       0 | 2-16              
  KebabMenu.tsx                                                                               |       0 |        0 |       0 |       0 | 3-90              
 src/components/common/Buttons/KebabMenuButton                                                |       0 |        0 |       0 |       0 |                   
  KebabMenuButton.stories.tsx                                                                 |       0 |      100 |     100 |       0 | 2-16              
  KebabMenuButton.tsx                                                                         |       0 |        0 |       0 |       0 | 2-40              
  constantKebabMenuButton.ts                                                                  |       0 |      100 |     100 |       0 | 1                 
 src/components/common/Buttons/Location                                                       |       0 |        0 |       0 |       0 |                   
  Location.stories.tsx                                                                        |       0 |      100 |     100 |       0 | 2-16              
  Location.tsx                                                                                |       0 |        0 |       0 |       0 | 2-42              
 src/components/common/Buttons/ScrollToTopButton                                              |       0 |        0 |       0 |       0 |                   
  ScrollToTopButton.stories.tsx                                                               |       0 |      100 |       0 |       0 | 2-47              
  ScrollToTopButton.tsx                                                                       |       0 |        0 |       0 |       0 | 3-65              
 src/components/common/Buttons/ToggleButton                                                   |       0 |        0 |       0 |       0 |                   
  ToggleButton.stories.tsx                                                                    |       0 |      100 |       0 |       0 | 2-28              
  ToggleButton.tsx                                                                            |       0 |        0 |       0 |       0 | 1-64              
 src/components/common/Buttons/ViewMoreComment                                                |       0 |        0 |       0 |       0 |                   
  ViewMoreComment.stories.tsx                                                                 |       0 |      100 |       0 |       0 | 2-40              
  ViewMoreComment.tsx                                                                         |       0 |        0 |       0 |       0 | 2-42              
 src/components/common/Buttons/ViewMoreReply                                                  |       0 |        0 |       0 |       0 |                   
  ViewMoreReply.stories.tsx                                                                   |       0 |      100 |     100 |       0 | 2-16              
  ViewMoreReply.tsx                                                                           |       0 |        0 |       0 |       0 | 3-82              
 src/components/common/CheckBox                                                               |       0 |        0 |       0 |       0 |                   
  CheckBox.stories.tsx                                                                        |       0 |      100 |     100 |       0 | 2-27              
  CheckBox.tsx                                                                                |       0 |        0 |       0 |       0 | 3-47              
 src/components/common/Chip                                                                   |       0 |        0 |       0 |       0 |                   
  Chip.stories.tsx                                                                            |       0 |      100 |     100 |       0 | 2-19              
  Chip.tsx                                                                                    |       0 |        0 |       0 |       0 | 1-41              
 src/components/common/Dropdown                                                               |       0 |        0 |       0 |       0 |                   
  Dropdown.stories.tsx                                                                        |       0 |      100 |       0 |       0 | 4-50              
  Dropdown.tsx                                                                                |       0 |        0 |       0 |       0 | 5-83              
 src/components/common/Icon                                                                   |       0 |        0 |       0 |       0 |                   
  Icon.stories.tsx                                                                            |       0 |      100 |       0 |       0 | 2-29              
  Icon.tsx                                                                                    |       0 |        0 |       0 |       0 | 4-35              
  index.ts                                                                                    |       0 |      100 |       0 |       0 | 1-84              
 src/components/common/Input/InputComment                                                     |       0 |        0 |       0 |       0 |                   
  InputComment.tsx                                                                            |       0 |        0 |       0 |       0 | 3-143             
 src/components/common/Input/InputComment/_internal                                           |       0 |        0 |       0 |       0 |                   
  InputCommentImageSection.tsx                                                                |       0 |      100 |       0 |       0 | 3-51              
  useHorizontalDragScroll.ts                                                                  |       0 |        0 |       0 |       0 | 1-38              
 src/components/common/Input/InputField                                                       |       0 |        0 |       0 |       0 |                   
  InputField.stories.tsx                                                                      |       0 |      100 |       0 |       0 | 2-40              
  InputField.tsx                                                                              |       0 |        0 |       0 |       0 | 5-111             
 src/components/common/Input/InputSearch                                                      |       0 |        0 |       0 |       0 |                   
  InputSearch.stories.tsx                                                                     |       0 |      100 |       0 |       0 | 2-38              
  InputSearch.tsx                                                                             |       0 |        0 |       0 |       0 | 5-137             
 src/components/common/Input/InputText                                                        |       0 |        0 |       0 |       0 |                   
  InputText.stories.tsx                                                                       |       0 |      100 |       0 |       0 | 2-45              
  InputText.tsx                                                                               |       0 |        0 |       0 |       0 | 4-223             
 src/components/common/Input/_internal/Caption                                                |       0 |        0 |       0 |       0 |                   
  Caption.stories.tsx                                                                         |       0 |      100 |     100 |       0 | 2-28              
  Caption.tsx                                                                                 |       0 |        0 |       0 |       0 | 9-27              
 src/components/common/Input/_internal/Counter                                                |       0 |        0 |       0 |       0 |                   
  Counter.stories.tsx                                                                         |       0 |      100 |     100 |       0 | 2-16              
  Counter.tsx                                                                                 |       0 |        0 |       0 |       0 | 6-16              
 src/components/common/Input/_internal/DeleteButton                                           |       0 |        0 |       0 |       0 |                   
  DeleteButton.stories.tsx                                                                    |       0 |      100 |     100 |       0 | 2-16              
  DeleteButton.tsx                                                                            |       0 |        0 |       0 |       0 | 2-39              
 src/components/common/Input/_internal/Label                                                  |       0 |        0 |       0 |       0 |                   
  Label.stories.tsx                                                                           |       0 |      100 |     100 |       0 | 2-24              
  Label.tsx                                                                                   |       0 |        0 |       0 |       0 | 1-19              
 src/components/common/Input/_internal/_hooks                                                 |       0 |      100 |       0 |       0 |                   
  useFormInput.ts                                                                             |       0 |      100 |       0 |       0 | 1-17              
 src/components/common/ListItemImage                                                          |       0 |        0 |       0 |       0 |                   
  ListItemImage.stories.tsx                                                                   |       0 |      100 |     100 |       0 | 2-21              
  ListItemImage.tsx                                                                           |       0 |        0 |       0 |       0 | 1-84              
 src/components/common/Modal                                                                  |       0 |        0 |       0 |       0 |                   
  CONST_MODAL.ts                                                                              |       0 |      100 |     100 |       0 | 1-7               
  ConfirmModal.stories.tsx                                                                    |       0 |      100 |       0 |       0 | 2-48              
  ConfirmModal.tsx                                                                            |       0 |        0 |       0 |       0 | 2-93              
 src/components/common/Modal/_internal                                                        |       0 |        0 |       0 |       0 |                   
  ModalLayout.stories.tsx                                                                     |       0 |      100 |       0 |       0 | 4-43              
  ModalLayout.tsx                                                                             |       0 |        0 |       0 |       0 | 3-65              
 src/components/common/ProfileAvatar                                                          |       0 |        0 |       0 |       0 |                   
  ProfileAvatar.tsx                                                                           |       0 |        0 |       0 |       0 | 3-64              
  ProfileAvatart.stories.tsx                                                                  |       0 |      100 |     100 |       0 | 2-13              
 src/components/common/RadioOptionItem                                                        |       0 |        0 |       0 |       0 |                   
  RadioOptionItem.stories.tsx                                                                 |       0 |      100 |       0 |       0 | 1-48              
  RadioOptionItem.tsx                                                                         |       0 |        0 |       0 |       0 | 2-86              
 src/components/common/RequiredText                                                           |       0 |      100 |       0 |       0 |                   
  RequiredText.stories.tsx                                                                    |       0 |      100 |     100 |       0 | 2-16              
  RequiredText.tsx                                                                            |       0 |      100 |       0 |       0 | 1-11              
 src/components/common/Toast                                                                  |       0 |        0 |       0 |       0 |                   
  Toast.stories.tsx                                                                           |       0 |      100 |     100 |       0 | 2-30              
  Toast.tsx                                                                                   |       0 |        0 |       0 |       0 | 2-60              
  ToastTypes.ts                                                                               |       0 |      100 |     100 |       0 | 1-7               
 src/components/domain                                                                        |       0 |      100 |       0 |       0 |                   
  index.ts                                                                                    |       0 |      100 |       0 |       0 | 1-20              
 src/components/domain/BaseKakaoMap                                                           |       0 |        0 |       0 |       0 |                   
  BaseKakaoMap.tsx                                                                            |       0 |        0 |       0 |       0 | 3-172             
 src/components/domain/BaseKakaoMap/_internal                                                 |       0 |      100 |       0 |       0 |                   
  index.ts                                                                                    |       0 |      100 |       0 |       0 | 1                 
 src/components/domain/BaseKakaoMap/_internal/MapState                                        |       0 |      100 |       0 |       0 |                   
  MapState.tsx                                                                                |       0 |      100 |       0 |       0 | 2-54              
 src/components/domain/CommentCard                                                            |       0 |        0 |       0 |       0 |                   
  CommentCard.stories.tsx                                                                     |       0 |      100 |       0 |       0 | 2-51              
  CommentCard.tsx                                                                             |       0 |        0 |       0 |       0 | 1-57              
 src/components/domain/CommentList                                                            |       0 |        0 |       0 |       0 |                   
  CommentItem.tsx                                                                             |       0 |        0 |       0 |       0 | 3-70              
  CommentList.stories.tsx                                                                     |       0 |      100 |       0 |       0 | 2-64              
  CommentList.tsx                                                                             |       0 |        0 |       0 |       0 | 1-52              
 src/components/domain/CommentList/_internal                                                  |       0 |      100 |       0 |       0 |                   
  index.ts                                                                                    |       0 |      100 |       0 |       0 | 1-6               
 src/components/domain/CommentList/_internal/CommentActions                                   |       0 |        0 |       0 |       0 |                   
  CommentActions.tsx                                                                          |       0 |        0 |       0 |       0 | 2-54              
 src/components/domain/CommentList/_internal/CommentBody                                      |       0 |        0 |       0 |       0 |                   
  CommentBody.tsx                                                                             |       0 |        0 |       0 |       0 | 9-23              
 src/components/domain/CommentList/_internal/CommentFooter                                    |       0 |        0 |       0 |       0 |                   
  CommentFooter.tsx                                                                           |       0 |        0 |       0 |       0 | 1-50              
 src/components/domain/CommentList/_internal/CommentMeta                                      |       0 |        0 |       0 |       0 |                   
  CommentMeta.tsx                                                                             |       0 |        0 |       0 |       0 | 1-46              
 src/components/domain/CommentList/_internal/CommentReplyForm                                 |       0 |        0 |       0 |       0 |                   
  CommentReplyForm.tsx                                                                        |       0 |        0 |       0 |       0 | 1-26              
 src/components/domain/CommentList/_internal/ReplyForm                                        |       0 |        0 |       0 |       0 |                   
  ReplyForm.tsx                                                                               |       0 |        0 |       0 |       0 | 1-24              
 src/components/domain/DateRangeBottomSheet                                                   |       0 |        0 |       0 |       0 |                   
  DateRangeBottomSheet.tsx                                                                    |       0 |        0 |       0 |       0 | 3-132             
 src/components/domain/DateRangeBottomSheet/_hooks                                            |       0 |        0 |       0 |       0 |                   
  useMakeDate.ts                                                                              |       0 |        0 |       0 |       0 | 1-50              
 src/components/domain/FilterSectionBottomSheet/FilterBottomSheet                             |       0 |        0 |       0 |       0 |                   
  FilterBottomSheet.tsx                                                                       |       0 |        0 |       0 |       0 | 4-290             
 src/components/domain/FilterSectionBottomSheet/FilterSection                                 |       0 |        0 |       0 |       0 |                   
  FilterSection.tsx                                                                           |       0 |        0 |       0 |       0 | 3-171             
 src/components/domain/FilterSectionBottomSheet/_constants                                    |       0 |      100 |     100 |       0 |                   
  CONSTANTS.ts                                                                                |       0 |      100 |     100 |       0 | 1-32              
  DEFAULT_FILTERS.ts                                                                          |       0 |      100 |     100 |       0 | 3                 
  LABELS.ts                                                                                   |       0 |      100 |     100 |       0 | 4-29              
  TABS.ts                                                                                     |       0 |      100 |     100 |       0 | 1                 
 src/components/domain/FilterSectionBottomSheet/utils                                         |       0 |        0 |       0 |       0 |                   
  applyFiltersToUrl.ts                                                                        |       0 |        0 |       0 |       0 | 17-82             
  deriveFilterParams.ts                                                                       |       0 |      100 |       0 |       0 | 8-45              
  getFilterSelectedFlags.ts                                                                   |       0 |      100 |       0 |       0 | 14-21             
 src/components/domain/FindPwForm                                                             |       0 |        0 |       0 |       0 |                   
  FindPwForm.tsx                                                                              |       0 |        0 |       0 |       0 | 3-64              
 src/components/domain/FooterButton                                                           |       0 |      100 |       0 |       0 |                   
  FooterButton.tsx                                                                            |       0 |      100 |       0 |       0 | 1-18              
 src/components/domain/ImageViewerModal                                                       |       0 |        0 |       0 |       0 |                   
  ImageViewerModal.tsx                                                                        |       0 |        0 |       0 |       0 | 3-93              
 src/components/domain/ImageViewerModal/_hooks                                                |       0 |        0 |       0 |       0 |                   
  useImageViewerNavigation.ts                                                                 |       0 |        0 |       0 |       0 | 1-35              
 src/components/domain/ImageViewerModal/_internal                                             |       0 |        0 |       0 |       0 |                   
  ImageViewerHeader.tsx                                                                       |       0 |        0 |       0 |       0 | 1-64              
  ImageViewerNavigation.tsx                                                                   |       0 |        0 |       0 |       0 | 1-42              
  formatDateWithTime.ts                                                                       |       0 |      100 |       0 |       0 | 1-9               
 src/components/domain/ImageViewerModal/_utils                                                |       0 |        0 |       0 |       0 |                   
  imageViewer.ts                                                                              |       0 |        0 |       0 |       0 | 2-6               
 src/components/domain/ListSearch                                                             |       0 |        0 |       0 |       0 |                   
  LIST_SEARCH_PLACEHOLDER.ts                                                                  |       0 |      100 |     100 |       0 | 1                 
  ListSearch.tsx                                                                              |       0 |        0 |       0 |       0 | 3-41              
  MOCK_REGIONS.ts                                                                             |       0 |      100 |     100 |       0 | 1                 
 src/components/domain/ListSearch/_internal                                                   |       0 |      100 |       0 |       0 |                   
  PostSearchView.tsx                                                                          |       0 |      100 |       0 |       0 | 1-14              
  RegionSearchView.tsx                                                                        |       0 |      100 |       0 |       0 | 3-33              
 src/components/domain/MypageEmptyUI                                                          |       0 |        0 |       0 |       0 |                   
  MypageEmptyUI.tsx                                                                           |       0 |        0 |       0 |       0 | 1-27              
 src/components/domain/MypageEmptyUI/_constants                                               |       0 |      100 |     100 |       0 |                   
  EMPTY_CONSTANTS.ts                                                                          |       0 |      100 |     100 |       0 | 1                 
 src/components/domain/MypageRequest/MypageCommentItem                                        |       0 |        0 |       0 |       0 |                   
  MypageCommentItem.tsx                                                                       |       0 |        0 |       0 |       0 | 1-49              
 src/components/domain/MypageRequest/MypageRequestDetailContainer                             |       0 |      100 |       0 |       0 |                   
  MypageRequestDetailContainer.tsx                                                            |       0 |      100 |       0 |       0 | 1-28              
 src/components/domain/MypageRequest/MypageRequestFilter                                      |       0 |        0 |       0 |       0 |                   
  MypageRequestFilter.tsx                                                                     |       0 |        0 |       0 |       0 | 3-49              
 src/components/domain/MypageRequest/MypageRequestList                                        |       0 |        0 |       0 |       0 |                   
  MypageRequestList.tsx                                                                       |       0 |        0 |       0 |       0 | 1-75              
 src/components/domain/MypageRequest/_constants                                               |       0 |      100 |     100 |       0 |                   
  LIST_STATUS_CHIP.ts                                                                         |       0 |      100 |     100 |       0 | 1                 
  MYPAGE_KEBAB_OPTION.ts                                                                      |       0 |      100 |     100 |       0 | 1                 
 src/components/domain/MypageSearch                                                           |       0 |      100 |       0 |       0 |                   
  MypageSearch.tsx                                                                            |       0 |      100 |       0 |       0 | 3-20              
 src/components/domain/PopupLayout                                                            |       0 |        0 |       0 |       0 |                   
  PopupLayout.stories.tsx                                                                     |       0 |      100 |       0 |       0 | 4-30              
  PopupLayout.tsx                                                                             |       0 |        0 |       0 |       0 | 3-51              
 src/components/domain/PostListItem                                                           |       0 |        0 |       0 |       0 |                   
  PostListItem.stories.tsx                                                                    |       0 |      100 |       0 |       0 | 2-25              
  PostListItem.tsx                                                                            |       0 |        0 |       0 |       0 | 1-83              
 src/components/domain/ReadOnlyCommentItem                                                    |       0 |        0 |       0 |       0 |                   
  ReadOnlyCommentItem.tsx                                                                     |       0 |        0 |       0 |       0 | 1-53              
 src/components/domain/Tab                                                                    |       0 |        0 |       0 |       0 |                   
  Tab.stories.tsx                                                                             |       0 |        0 |       0 |       0 | 4-60              
  Tab.tsx                                                                                     |       0 |        0 |       0 |       0 | 1-53              
 src/components/layout                                                                        |       0 |      100 |       0 |       0 |                   
  index.ts                                                                                    |       0 |      100 |       0 |       0 | 1-3               
 src/components/layout/DetailHeader                                                           |       0 |        0 |       0 |       0 |                   
  DetailHeader.stories.tsx                                                                    |       0 |      100 |       0 |       0 | 2-62              
  DetailHeader.tsx                                                                            |       0 |        0 |       0 |       0 | 4-86              
 src/components/layout/Footer                                                                 |       0 |        0 |       0 |       0 |                   
  CONST_FOOTER.ts                                                                             |       0 |      100 |     100 |       0 | 1                 
  Footer.stories.tsx                                                                          |       0 |      100 |       0 |       0 | 2-13              
  Footer.tsx                                                                                  |       0 |        0 |       0 |       0 | 5-44              
 src/components/layout/Header                                                                 |       0 |        0 |       0 |       0 |                   
  CONST_HEADER.ts                                                                             |       0 |      100 |     100 |       0 | 1                 
  Header.tsx                                                                                  |       0 |        0 |       0 |       0 | 5-44              
  Hedaer.stories.tsx                                                                          |       0 |      100 |       0 |       0 | 2-13              
 src/components/layout/Header/_internal                                                       |       0 |        0 |       0 |       0 |                   
  SideBar.tsx                                                                                 |       0 |        0 |       0 |       0 | 1-104             
 src/components/state                                                                         |       0 |      100 |       0 |       0 |                   
  index.ts                                                                                    |       0 |      100 |       0 |       0 | 1-3               
 src/components/state/BaseStateLayout                                                         |       0 |      100 |       0 |       0 |                   
  BaseStateLayout.tsx                                                                         |       0 |      100 |       0 |       0 | 2-31              
 src/components/state/EmptyState                                                              |       0 |        0 |       0 |       0 |                   
  EmptyState.tsx                                                                              |       0 |        0 |       0 |       0 | 1-52              
 src/components/state/ErrorView                                                               |       0 |      100 |       0 |       0 |                   
  ErrorView.tsx                                                                               |       0 |      100 |       0 |       0 | 1-61              
 src/components/state/LoadingState                                                            |       0 |        0 |       0 |       0 |                   
  LoadingState.tsx                                                                            |       0 |        0 |       0 |       0 | 1-32              
 src/constants                                                                                |       0 |      100 |     100 |       0 |                   
  CATEGORY_OPTIONS.ts                                                                         |       0 |      100 |     100 |       0 | 1                 
  FIND_PW_ERROR.ts                                                                            |       0 |      100 |     100 |       0 | 1                 
  index.ts                                                                                    |       0 |      100 |     100 |       0 | 1-2               
 src/context                                                                                  |       0 |        0 |       0 |       0 |                   
  ToastContext.tsx                                                                            |       0 |        0 |       0 |       0 | 3-18              
 src/hooks                                                                                    |       0 |      100 |       0 |       0 |                   
  index.ts                                                                                    |       0 |      100 |       0 |       0 | 1-6               
 src/hooks/domain                                                                             |       0 |      100 |       0 |       0 |                   
  index.ts                                                                                    |       0 |      100 |       0 |       0 | 1-3               
 src/hooks/domain/useErrorToast                                                               |       0 |        0 |       0 |       0 |                   
  useErrorToast.ts                                                                            |       0 |        0 |       0 |       0 | 1-22              
 src/hooks/domain/useFilterParams                                                             |       0 |      100 |       0 |       0 |                   
  useFilterParams.ts                                                                          |       0 |      100 |       0 |       0 | 5-17              
 src/hooks/domain/useFindPwSubmit                                                             |       0 |      100 |       0 |       0 |                   
  useFindPwSubmit.ts                                                                          |       0 |      100 |       0 |       0 | 1-28              
 src/hooks/useHiddenPath                                                                      |       0 |        0 |       0 |       0 |                   
  useHiddenPath.ts                                                                            |       0 |        0 |       0 |       0 | 1-24              
 src/hooks/useInfiniteScroll                                                                  |       0 |        0 |       0 |       0 |                   
  useInfiniteScroll.ts                                                                        |       0 |        0 |       0 |       0 | 1-62              
 src/hooks/useLogout                                                                          |       0 |      100 |       0 |       0 |                   
  useLogout.ts                                                                                |       0 |      100 |       0 |       0 | 1-25              
 src/hooks/useObjectURLs                                                                      |       0 |        0 |       0 |       0 |                   
  useObjectURLs.ts                                                                            |       0 |        0 |       0 |       0 | 1-23              
 src/hooks/useOverlayHandlers                                                                 |       0 |        0 |       0 |       0 |                   
  useOverlayHandlers.ts                                                                       |       0 |        0 |       0 |       0 | 3-72              
 src/hooks/useRegionRows                                                                      |       0 |        0 |       0 |       0 |                   
  useRegionRows.ts                                                                            |       0 |        0 |       0 |       0 | 1-61              
 src/hooks/useSearchUpdateQueryString                                                         |       0 |        0 |       0 |       0 |                   
  useSearchUpdateQueryString.ts                                                               |       0 |        0 |       0 |       0 | 1-24              
 src/mock                                                                                     |       0 |      100 |     100 |       0 |                   
  browser.ts                                                                                  |       0 |      100 |     100 |       0 | 1-4               
  server.ts                                                                                   |       0 |      100 |     100 |       0 | 1-4               
 src/mock/data                                                                                |       0 |      100 |     100 |       0 |                   
  admin.data.ts                                                                               |       0 |      100 |     100 |       0 | 3-208             
  chat.data.ts                                                                                |       0 |      100 |     100 |       0 | 4-61              
  comment.data.ts                                                                             |       0 |      100 |     100 |       0 | 3-16              
  index.ts                                                                                    |       0 |      100 |     100 |       0 | 1-6               
  mypage.data.ts                                                                              |       0 |      100 |     100 |       0 | 3-198             
  posts.data.ts                                                                               |       0 |      100 |     100 |       0 | 3-23              
  userProfile.data.ts                                                                         |       0 |      100 |     100 |       0 | 2-49              
 src/mock/handlers                                                                            |       0 |        0 |       0 |       0 |                   
  index.ts                                                                                    |       0 |      100 |     100 |       0 | 1-3               
  posts.handlers.ts                                                                           |       0 |        0 |       0 |       0 | 1-44              
 src/mock/utils                                                                               |       0 |        0 |       0 |       0 |                   
  guards.ts                                                                                   |       0 |        0 |       0 |       0 | 1-5               
 src/providers                                                                                |       0 |        0 |       0 |       0 |                   
  MSWProvider.tsx                                                                             |       0 |        0 |       0 |       0 | 3-22              
  QueryProviders.tsx                                                                          |       0 |        0 |       0 |       0 | 4-38              
  ToastProviders.tsx                                                                          |       0 |        0 |       0 |       0 | 3-33              
 src/store                                                                                    |       0 |      100 |       0 |       0 |                   
  index.ts                                                                                    |       0 |      100 |       0 |       0 | 1                 
 src/store/useWriteStore                                                                      |       0 |      100 |       0 |       0 |                   
  useWriteStore.ts                                                                            |       0 |      100 |       0 |       0 | 1-36              
 src/types                                                                                    |       0 |      100 |     100 |       0 |                   
  index.ts                                                                                    |       0 |      100 |     100 |       0 | 1                 
 src/utils                                                                                    |       0 |      100 |       0 |       0 |                   
  index.ts                                                                                    |       0 |      100 |       0 |       0 | 1-17              
 src/utils/cn                                                                                 |       0 |      100 |       0 |       0 |                   
  cn.ts                                                                                       |       0 |      100 |       0 |       0 | 1-4               
 src/utils/customFonts                                                                        |       0 |      100 |     100 |       0 |                   
  customFonts.ts                                                                              |       0 |      100 |     100 |       0 | 1-70              
 src/utils/customStylePlugins                                                                 |       0 |      100 |       0 |       0 |                   
  customStylePlugins.ts                                                                       |       0 |      100 |       0 |       0 | 1-91              
 src/utils/executeShare                                                                       |       0 |        0 |       0 |       0 |                   
  executeShare.ts                                                                             |       0 |        0 |       0 |       0 | 2-27              
 src/utils/executeShare/_internal                                                             |       0 |      100 |       0 |       0 |                   
  index.ts                                                                                    |       0 |      100 |       0 |       0 | 1-3               
 src/utils/executeShare/_internal/shareWithCopyUrl                                            |       0 |      100 |       0 |       0 |                   
  shareWithCopyUrl.ts                                                                         |       0 |      100 |       0 |       0 | 3-11              
 src/utils/executeShare/_internal/shareWithKakao                                              |       0 |        0 |       0 |       0 |                   
  shareWithKakao.ts                                                                           |       0 |        0 |       0 |       0 | 5-38              
 src/utils/executeShare/_internal/shareWithNative                                             |       0 |        0 |       0 |       0 |                   
  shareWithNative.ts                                                                          |       0 |        0 |       0 |       0 | 7-19              
 src/utils/fileInputHandler                                                                   |       0 |        0 |       0 |       0 |                   
  fileInputHandler.ts                                                                         |       0 |        0 |       0 |       0 | 3-18              
 src/utils/formatCappedNumber                                                                 |       0 |        0 |       0 |       0 |                   
  formatCappedNumber.ts                                                                       |       0 |        0 |       0 |       0 | 21-28             
 src/utils/formatDate                                                                         |       0 |        0 |       0 |       0 |                   
  formatChatTime.ts                                                                           |       0 |        0 |       0 |       0 | 15-33             
  formatDate.ts                                                                               |       0 |        0 |       0 |       0 | 1-76              
  formatKoreanDate.ts                                                                         |       0 |        0 |       0 |       0 | 10-66             
 src/utils/formatViewCount                                                                    |       0 |        0 |       0 |       0 |                   
  formatViewCount.ts                                                                          |       0 |        0 |       0 |       0 | 15-31             
 src/utils/getImageLayout                                                                     |       0 |        0 |       0 |       0 |                   
  getImageLayout.ts                                                                           |       0 |        0 |       0 |       0 | 17-80             
 src/utils/getItemCategoryLabel                                                               |       0 |      100 |       0 |       0 |                   
  getItemCategoryLabel.ts                                                                     |       0 |      100 |       0 |       0 | 11-22             
 src/utils/getItemStatusLabel                                                                 |       0 |      100 |       0 |       0 |                   
  getItemStatusLabel.ts                                                                       |       0 |      100 |       0 |       0 | 11-17             
 src/utils/getMapLevelByRadius                                                                |       0 |        0 |       0 |       0 |                   
  getMapLevelByRadius.ts                                                                      |       0 |        0 |       0 |       0 | 11-15             
 src/utils/getRegionSearchResults                                                             |       0 |        0 |       0 |       0 |                   
  getRegionSearchResults.ts                                                                   |       0 |        0 |       0 |       0 | 20-39             
 src/utils/loadRegionRows                                                                     |       0 |        0 |       0 |       0 |                   
  loadRegionRows.ts                                                                           |       0 |        0 |       0 |       0 | 11-22             
 src/utils/normalizeEnumValue                                                                 |       0 |        0 |       0 |       0 |                   
  normalizeEnumValue.ts                                                                       |       0 |        0 |       0 |       0 | 18-21             
 src/utils/resizeImage                                                                        |       0 |        0 |       0 |       0 |                   
  resizeImage.ts                                                                              |       0 |        0 |       0 |       0 | 21-111            
 src/utils/textareaAutoResize                                                                 |       0 |      100 |       0 |       0 |                   
  textareaAutoResize.ts                                                                       |       0 |      100 |       0 |       0 | 1-5               
 src/utils/textareaSubmitKeyHandler                                                           |       0 |        0 |       0 |       0 |                   
  textareaSubmitKeyHandler.ts                                                                 |       0 |        0 |       0 |       0 | 3-15              
----------------------------------------------------------------------------------------------|---------|----------|---------|---------|-------------------
Test Suites: 1 failed, 1 total
Tests:       0 total
Snapshots:   0 total
Time:        2.293 s
Ran all test suites matching /src\/hooks\/useRegionRows\/useRegionRows.test.ts/i.
